Release 14.7 - xst P.20131013 (lin64)
Copyright (c) 1995-2013 Xilinx, Inc.  All rights reserved.
--> 
Parameter TMPDIR set to xst/projnav.tmp


Total REAL time to Xst completion: 0.00 secs
Total CPU time to Xst completion: 0.04 secs
 
--> 
Parameter xsthdpdir set to xst


Total REAL time to Xst completion: 0.00 secs
Total CPU time to Xst completion: 0.04 secs
 
--> 
Reading design: Scheme.prj

TABLE OF CONTENTS
  1) Synthesis Options Summary
  2) HDL Parsing
  3) HDL Elaboration
  4) HDL Synthesis
       4.1) HDL Synthesis Report
  5) Advanced HDL Synthesis
       5.1) Advanced HDL Synthesis Report
  6) Low Level Synthesis
  7) Partition Report
  8) Design Summary
       8.1) Primitive and Black Box Usage
       8.2) Device utilization summary
       8.3) Partition Resource Summary
       8.4) Timing Report
            8.4.1) Clock Information
            8.4.2) Asynchronous Control Signals Information
            8.4.3) Timing Summary
            8.4.4) Timing Details
            8.4.5) Cross Clock Domains Report


=========================================================================
*                      Synthesis Options Summary                        *
=========================================================================
---- Source Parameters
Input File Name                    : "Scheme.prj"
Ignore Synthesis Constraint File   : NO

---- Target Parameters
Output File Name                   : "Scheme"
Output Format                      : NGC
Target Device                      : xc6slx9-3-tqg144

---- Source Options
Top Module Name                    : Scheme
Automatic FSM Extraction           : YES
FSM Encoding Algorithm             : Auto
Safe Implementation                : No
FSM Style                          : LUT
RAM Extraction                     : Yes
RAM Style                          : Auto
ROM Extraction                     : Yes
Shift Register Extraction          : YES
ROM Style                          : Auto
Resource Sharing                   : YES
Asynchronous To Synchronous        : NO
Shift Register Minimum Size        : 2
Use DSP Block                      : Auto
Automatic Register Balancing       : No

---- Target Options
LUT Combining                      : Auto
Reduce Control Sets                : Auto
Add IO Buffers                     : YES
Global Maximum Fanout              : 100000
Add Generic Clock Buffer(BUFG)     : 16
Register Duplication               : YES
Optimize Instantiated Primitives   : NO
Use Clock Enable                   : Auto
Use Synchronous Set                : Auto
Use Synchronous Reset              : Auto
Pack IO Registers into IOBs        : Auto
Equivalent register Removal        : YES

---- General Options
Optimization Goal                  : Speed
Optimization Effort                : 1
Power Reduction                    : NO
Keep Hierarchy                     : No
Netlist Hierarchy                  : As_Optimized
RTL Output                         : Yes
Global Optimization                : AllClockNets
Read Cores                         : YES
Write Timing Constraints           : NO
Cross Clock Analysis               : NO
Hierarchy Separator                : /
Bus Delimiter                      : <>
Case Specifier                     : Maintain
Slice Utilization Ratio            : 100
BRAM Utilization Ratio             : 100
DSP48 Utilization Ratio            : 100
Auto BRAM Packing                  : NO
Slice Utilization Ratio Delta      : 5

=========================================================================


=========================================================================
*                          HDL Parsing                                  *
=========================================================================
Parsing VHDL file "/home/trurl/Develop/STM32_Devel/FPGA/Modules/C8_BD_C.vhd" into library work
Parsing entity <C8_BD_C>.
Parsing architecture <Behavioral> of entity <c8_bd_c>.
Parsing VHDL file "/home/trurl/Develop/STM32_Devel/FPGA/Polish/Scheme.vhf" into library work
Parsing entity <COMPM8_HXILINX_Scheme>.
Parsing architecture <COMPM8_HXILINX_Scheme_V> of entity <compm8_hxilinx_scheme>.
Parsing entity <COMP8_HXILINX_Scheme>.
Parsing architecture <COMP8_HXILINX_Scheme_V> of entity <comp8_hxilinx_scheme>.
Parsing entity <CB8CE_HXILINX_Scheme>.
Parsing architecture <Behavioral> of entity <cb8ce_hxilinx_scheme>.
Parsing entity <Scheme>.
Parsing architecture <BEHAVIORAL> of entity <scheme>.

=========================================================================
*                            HDL Elaboration                            *
=========================================================================

Elaborating entity <Scheme> (architecture <BEHAVIORAL>) from library <work>.

Elaborating entity <COMPM8_HXILINX_Scheme> (architecture <COMPM8_HXILINX_Scheme_V>) from library <work>.

Elaborating entity <CB8CE_HXILINX_Scheme> (architecture <Behavioral>) from library <work>.

Elaborating entity <COMP8_HXILINX_Scheme> (architecture <COMP8_HXILINX_Scheme_V>) from library <work>.

Elaborating entity <C8_BD_C> (architecture <Behavioral>) from library <work>.

=========================================================================
*                           HDL Synthesis                               *
=========================================================================

Synthesizing Unit <Scheme>.
    Related source file is "/home/trurl/Develop/STM32_Devel/FPGA/Polish/Scheme.vhf".
    Set property "HU_SET = XLXI_1_2" for instance <XLXI_1>.
    Set property "HU_SET = XLXI_2_0" for instance <XLXI_2>.
    Set property "HU_SET = XLXI_5_1" for instance <XLXI_5>.
    Set property "HU_SET = XLXI_9_3" for instance <XLXI_9>.
INFO:Xst:3210 - "/home/trurl/Develop/STM32_Devel/FPGA/Polish/Scheme.vhf" line 172: Output port <CEO> of the instance <XLXI_2> is unconnected or connected to loadless signal.
INFO:Xst:3210 - "/home/trurl/Develop/STM32_Devel/FPGA/Polish/Scheme.vhf" line 172: Output port <TC> of the instance <XLXI_2> is unconnected or connected to loadless signal.
    Summary:
	no macro.
Unit <Scheme> synthesized.

Synthesizing Unit <COMPM8_HXILINX_Scheme>.
    Related source file is "/home/trurl/Develop/STM32_Devel/FPGA/Polish/Scheme.vhf".
    Found 8-bit comparator greater for signal <GT> created at line 40
    Found 8-bit comparator greater for signal <LT> created at line 41
    Summary:
	inferred   2 Comparator(s).
Unit <COMPM8_HXILINX_Scheme> synthesized.

Synthesizing Unit <CB8CE_HXILINX_Scheme>.
    Related source file is "/home/trurl/Develop/STM32_Devel/FPGA/Polish/Scheme.vhf".
    Found 8-bit register for signal <COUNT>.
    Found 8-bit adder for signal <COUNT[7]_COUNT[7]_mux_1_OUT> created at line 94.
    Summary:
	inferred   1 Adder/Subtractor(s).
	inferred   8 D-type flip-flop(s).
Unit <CB8CE_HXILINX_Scheme> synthesized.

Synthesizing Unit <COMP8_HXILINX_Scheme>.
    Related source file is "/home/trurl/Develop/STM32_Devel/FPGA/Polish/Scheme.vhf".
    Found 8-bit comparator equal for signal <EQ> created at line 60
    Summary:
	inferred   1 Comparator(s).
Unit <COMP8_HXILINX_Scheme> synthesized.

Synthesizing Unit <C8_BD_C>.
    Related source file is "/home/trurl/Develop/STM32_Devel/FPGA/Modules/C8_BD_C.vhd".
    Found 8-bit register for signal <count[7]_dff_4_OUT>.
    Found 8-bit register for signal <count>.
    Found 8-bit subtractor for signal <GND_11_o_GND_11_o_sub_8_OUT<7:0>> created at line 57.
    WARNING:Xst:2404 -  FFs/Latches <_i000006<1:8>> (without init value) have a constant value of 0 in block <C8_BD_C>.
    Summary:
	inferred   1 Adder/Subtractor(s).
	inferred  16 D-type flip-flop(s).
Unit <C8_BD_C> synthesized.

=========================================================================
HDL Synthesis Report

Macro Statistics
# Adders/Subtractors                                   : 2
 8-bit adder                                           : 1
 8-bit subtractor                                      : 1
# Registers                                            : 3
 8-bit register                                        : 3
# Comparators                                          : 4
 8-bit comparator equal                                : 2
 8-bit comparator greater                              : 2

=========================================================================

=========================================================================
*                       Advanced HDL Synthesis                          *
=========================================================================

WARNING:Xst:1290 - Hierarchical block <XLXI_9> is unconnected in block <Scheme>.
   It will be removed from the design.
INFO:Xst:2261 - The FF/Latch <_i000011_1> in Unit <XLXI_8> is equivalent to the following 6 FFs/Latches, which will be removed : <_i000011_2> <_i000011_3> <_i000011_4> <_i000011_5> <_i000011_6> <_i000011_7> 
WARNING:Xst:1710 - FF/Latch <_i000011_0> (without init value) has a constant value of 1 in block <XLXI_8>. This FF/Latch will be trimmed during the optimization process.
WARNING:Xst:1710 - FF/Latch <_i000011_1> (without init value) has a constant value of 0 in block <XLXI_8>. This FF/Latch will be trimmed during the optimization process.
WARNING:Xst:2404 -  FFs/Latches <_i000011<7:1>> (without init value) have a constant value of 0 in block <C8_BD_C>.

Synthesizing (advanced) Unit <CB8CE_HXILINX_Scheme>.
The following registers are absorbed into counter <COUNT>: 1 register on signal <COUNT>.
Unit <CB8CE_HXILINX_Scheme> synthesized (advanced).

=========================================================================
Advanced HDL Synthesis Report

Macro Statistics
# Adders/Subtractors                                   : 1
 8-bit subtractor                                      : 1
# Counters                                             : 1
 8-bit up counter                                      : 1
# Registers                                            : 9
 Flip-Flops                                            : 9
# Comparators                                          : 4
 8-bit comparator equal                                : 2
 8-bit comparator greater                              : 2

=========================================================================

=========================================================================
*                         Low Level Synthesis                           *
=========================================================================
WARNING:Xst:1710 - FF/Latch <_i000011> (without init value) has a constant value of 1 in block <C8_BD_C>. This FF/Latch will be trimmed during the optimization process.
WARNING:Xst:1710 - FF/Latch <count_0> (without init value) has a constant value of 0 in block <C8_BD_C>. This FF/Latch will be trimmed during the optimization process.
WARNING:Xst:1895 - Due to other FF/Latch trimming, FF/Latch <count_1> (without init value) has a constant value of 0 in block <C8_BD_C>. This FF/Latch will be trimmed during the optimization process.
WARNING:Xst:1895 - Due to other FF/Latch trimming, FF/Latch <count_2> (without init value) has a constant value of 0 in block <C8_BD_C>. This FF/Latch will be trimmed during the optimization process.
WARNING:Xst:1895 - Due to other FF/Latch trimming, FF/Latch <count_3> (without init value) has a constant value of 0 in block <C8_BD_C>. This FF/Latch will be trimmed during the optimization process.
WARNING:Xst:1895 - Due to other FF/Latch trimming, FF/Latch <count_4> (without init value) has a constant value of 0 in block <C8_BD_C>. This FF/Latch will be trimmed during the optimization process.
WARNING:Xst:1895 - Due to other FF/Latch trimming, FF/Latch <count_5> (without init value) has a constant value of 0 in block <C8_BD_C>. This FF/Latch will be trimmed during the optimization process.
WARNING:Xst:1895 - Due to other FF/Latch trimming, FF/Latch <count_6> (without init value) has a constant value of 0 in block <C8_BD_C>. This FF/Latch will be trimmed during the optimization process.
WARNING:Xst:1895 - Due to other FF/Latch trimming, FF/Latch <count_7> (without init value) has a constant value of 0 in block <C8_BD_C>. This FF/Latch will be trimmed during the optimization process.
WARNING:Xst:2973 - All outputs of instance <XLXI_9> of block <COMP8_HXILINX_Scheme> are unconnected in block <Scheme>. Underlying logic will be removed.

Optimizing unit <Scheme> ...

Optimizing unit <CB8CE_HXILINX_Scheme> ...

Optimizing unit <COMPM8_HXILINX_Scheme> ...

Optimizing unit <COMP8_HXILINX_Scheme> ...

Mapping all equations...
Building and optimizing final netlist ...
Found area constraint ratio of 100 (+ 5) on block Scheme, actual ratio is 0.

Final Macro Processing ...

=========================================================================
Final Register Report

Macro Statistics
# Registers                                            : 8
 Flip-Flops                                            : 8

=========================================================================

=========================================================================
*                           Partition Report                            *
=========================================================================

Partition Implementation Status
-------------------------------

  No Partitions were found in this design.

-------------------------------

=========================================================================
*                            Design Summary                             *
=========================================================================

Top Level Output File Name         : Scheme.ngc

Primitive and Black Box Usage:
------------------------------
# BELS                             : 29
#      GND                         : 2
#      INV                         : 1
#      LUT1                        : 6
#      LUT3                        : 2
#      LUT6                        : 2
#      MUXCY                       : 7
#      VCC                         : 1
#      XORCY                       : 8
# FlipFlops/Latches                : 8
#      FDC                         : 8
# Clock Buffers                    : 1
#      BUFGP                       : 1
# IO Buffers                       : 2
#      OBUF                        : 2

Device utilization summary:
---------------------------

Selected Device : 6slx9tqg144-3 


Slice Logic Utilization: 
 Number of Slice Registers:               8  out of  11440     0%  
 Number of Slice LUTs:                   11  out of   5720     0%  
    Number used as Logic:                11  out of   5720     0%  

Slice Logic Distribution: 
 Number of LUT Flip Flop pairs used:     19
   Number with an unused Flip Flop:      11  out of     19    57%  
   Number with an unused LUT:             8  out of     19    42%  
   Number of fully used LUT-FF pairs:     0  out of     19     0%  
   Number of unique control sets:         1

IO Utilization: 
 Number of IOs:                           5
 Number of bonded IOBs:                   3  out of    102     2%  

Specific Feature Utilization:
 Number of BUFG/BUFGCTRLs:                1  out of     16     6%  

---------------------------
Partition Resource Summary:
---------------------------

  No Partitions were found in this design.

---------------------------


=========================================================================
Timing Report

NOTE: THESE TIMING NUMBERS ARE ONLY A SYNTHESIS ESTIMATE.
      FOR ACCURATE TIMING INFORMATION PLEASE REFER TO THE TRACE REPORT
      GENERATED AFTER PLACE-and-ROUTE.

Clock Information:
------------------
-----------------------------------+------------------------+-------+
Clock Signal                       | Clock buffer(FF name)  | Load  |
-----------------------------------+------------------------+-------+
iclk                               | BUFGP                  | 8     |
-----------------------------------+------------------------+-------+

Asynchronous Control Signals Information:
----------------------------------------
No asynchronous control signals found in this design

Timing Summary:
---------------
Speed Grade: -3

   Minimum period: 3.548ns (Maximum Frequency: 281.877MHz)
   Minimum input arrival time before clock: No path found
   Maximum output required time after clock: 5.466ns
   Maximum combinational path delay: No path found

Timing Details:
---------------
All values displayed in nanoseconds (ns)

=========================================================================
Timing constraint: Default period analysis for Clock 'iclk'
  Clock period: 3.548ns (frequency: 281.877MHz)
  Total number of paths / destination ports: 100 / 16
-------------------------------------------------------------------------
Delay:               3.548ns (Levels of Logic = 4)
  Source:            XLXI_2/COUNT_0 (FF)
  Destination:       XLXI_2/COUNT_0 (FF)
  Source Clock:      iclk rising
  Destination Clock: iclk rising

  Data Path: XLXI_2/COUNT_0 to XLXI_2/COUNT_0
                                Gate     Net
    Cell:in->out      fanout   Delay   Delay  Logical Name (Net Name)
    ----------------------------------------  ------------
     FDC:C->Q              3   0.447   0.879  COUNT_0 (COUNT_0)
     end scope: 'XLXI_2:Q<0>'
     begin scope: 'XLXI_5:A<0>'
     LUT3:I0->O            1   0.205   0.580  EQ8_SW0 (N01)
     LUT6:I5->O            8   0.205   0.802  EQ8 (EQ)
     end scope: 'XLXI_5:EQ'
     begin scope: 'XLXI_2:CLR'
     FDC:CLR                   0.430          COUNT_0
    ----------------------------------------
    Total                      3.548ns (1.287ns logic, 2.261ns route)
                                       (36.3% logic, 63.7% route)

=========================================================================
Timing constraint: Default OFFSET OUT AFTER for Clock 'iclk'
  Total number of paths / destination ports: 8 / 1
-------------------------------------------------------------------------
Offset:              5.466ns (Levels of Logic = 5)
  Source:            XLXI_2/COUNT_2 (FF)
  Destination:       ogt (PAD)
  Source Clock:      iclk rising

  Data Path: XLXI_2/COUNT_2 to ogt
                                Gate     Net
    Cell:in->out      fanout   Delay   Delay  Logical Name (Net Name)
    ----------------------------------------  ------------
     FDC:C->Q              3   0.447   0.879  COUNT_2 (COUNT_2)
     end scope: 'XLXI_2:Q<2>'
     begin scope: 'XLXI_1:A<2>'
     LUT3:I0->O            1   0.205   0.580  GT2_SW0 (N0)
     LUT6:I5->O            1   0.205   0.579  GT2 (GT)
     end scope: 'XLXI_1:GT'
     OBUF:I->O                 2.571          ogt_OBUF (ogt)
    ----------------------------------------
    Total                      5.466ns (3.428ns logic, 2.038ns route)
                                       (62.7% logic, 37.3% route)

=========================================================================

Cross Clock Domains Report:
--------------------------

Clock to Setup on destination clock iclk
---------------+---------+---------+---------+---------+
               | Src:Rise| Src:Fall| Src:Rise| Src:Fall|
Source Clock   |Dest:Rise|Dest:Rise|Dest:Fall|Dest:Fall|
---------------+---------+---------+---------+---------+
iclk           |    3.548|         |         |         |
---------------+---------+---------+---------+---------+

=========================================================================


Total REAL time to Xst completion: 4.00 secs
Total CPU time to Xst completion: 3.85 secs
 
--> 


Total memory usage is 401856 kilobytes

Number of errors   :    0 (   0 filtered)
Number of warnings :   15 (   0 filtered)
Number of infos    :    3 (   0 filtered)

